// Vitest Snapshot v1, https://vitest.dev/guide/snapshot.html

exports[`datetime > should not validate invalid ISO 8601 format string - "202" 1`] = `
[
  {
    "abortEarly": undefined,
    "abortPipeEarly": undefined,
    "expected": "ISO-8601 format",
    "input": "202",
    "issues": undefined,
    "kind": "validation",
    "lang": undefined,
    "message": "Invalid input: Expected ISO-8601 format but received "202"",
    "path": undefined,
    "received": ""202"",
    "requirement": /\\^\\(\\?:\\[\\+-\\]\\?\\\\d\\{4\\}\\(\\?!\\\\d\\{2\\}\\\\b\\)\\)\\(\\?:\\(-\\?\\)\\(\\?:\\(\\?:0\\[1-9\\]\\|1\\[0-2\\]\\)\\(\\?:\\\\1\\(\\?:\\[12\\]\\\\d\\|0\\[1-9\\]\\|3\\[01\\]\\)\\)\\?\\|W\\(\\?:\\[0-4\\]\\\\d\\|5\\[0-2\\]\\)\\(\\?:-\\?\\[1-7\\]\\)\\?\\|\\(\\?:00\\[1-9\\]\\|0\\[1-9\\]\\\\d\\|\\[12\\]\\\\d\\{2\\}\\|3\\(\\?:\\[0-5\\]\\\\d\\|6\\[1-6\\]\\)\\)\\)\\(\\?:\\[T\\\\s\\]\\(\\?:\\(\\?:\\(\\?:\\[01\\]\\\\d\\|2\\[0-3\\]\\)\\(\\?:\\(:\\?\\)\\[0-5\\]\\\\d\\)\\?\\|24:\\?00\\)\\(\\?:\\[\\.,\\]\\\\d\\+\\(\\?!:\\)\\)\\?\\)\\?\\(\\?:\\\\2\\[0-5\\]\\\\d\\(\\?:\\[\\.,\\]\\\\d\\+\\)\\?\\)\\?\\(\\?:\\[zZ\\]\\|\\(\\?:\\[\\+-\\]\\)\\(\\?:\\[01\\]\\\\d\\|2\\[0-3\\]\\):\\?\\(\\?:\\[0-5\\]\\\\d\\)\\?\\)\\?\\)\\?\\)\\?\\$/,
    "type": "datetime",
  },
]
`;

exports[`datetime > should not validate invalid ISO 8601 format string - "202a" 1`] = `
[
  {
    "abortEarly": undefined,
    "abortPipeEarly": undefined,
    "expected": "ISO-8601 format",
    "input": "202a",
    "issues": undefined,
    "kind": "validation",
    "lang": undefined,
    "message": "Invalid input: Expected ISO-8601 format but received "202a"",
    "path": undefined,
    "received": ""202a"",
    "requirement": /\\^\\(\\?:\\[\\+-\\]\\?\\\\d\\{4\\}\\(\\?!\\\\d\\{2\\}\\\\b\\)\\)\\(\\?:\\(-\\?\\)\\(\\?:\\(\\?:0\\[1-9\\]\\|1\\[0-2\\]\\)\\(\\?:\\\\1\\(\\?:\\[12\\]\\\\d\\|0\\[1-9\\]\\|3\\[01\\]\\)\\)\\?\\|W\\(\\?:\\[0-4\\]\\\\d\\|5\\[0-2\\]\\)\\(\\?:-\\?\\[1-7\\]\\)\\?\\|\\(\\?:00\\[1-9\\]\\|0\\[1-9\\]\\\\d\\|\\[12\\]\\\\d\\{2\\}\\|3\\(\\?:\\[0-5\\]\\\\d\\|6\\[1-6\\]\\)\\)\\)\\(\\?:\\[T\\\\s\\]\\(\\?:\\(\\?:\\(\\?:\\[01\\]\\\\d\\|2\\[0-3\\]\\)\\(\\?:\\(:\\?\\)\\[0-5\\]\\\\d\\)\\?\\|24:\\?00\\)\\(\\?:\\[\\.,\\]\\\\d\\+\\(\\?!:\\)\\)\\?\\)\\?\\(\\?:\\\\2\\[0-5\\]\\\\d\\(\\?:\\[\\.,\\]\\\\d\\+\\)\\?\\)\\?\\(\\?:\\[zZ\\]\\|\\(\\?:\\[\\+-\\]\\)\\(\\?:\\[01\\]\\\\d\\|2\\[0-3\\]\\):\\?\\(\\?:\\[0-5\\]\\\\d\\)\\?\\)\\?\\)\\?\\)\\?\\$/,
    "type": "datetime",
  },
]
`;

exports[`datetime > should not validate invalid ISO 8601 format string - "2024-01-0" 1`] = `
[
  {
    "abortEarly": undefined,
    "abortPipeEarly": undefined,
    "expected": "ISO-8601 format",
    "input": "2024-01-0",
    "issues": undefined,
    "kind": "validation",
    "lang": undefined,
    "message": "Invalid input: Expected ISO-8601 format but received "2024-01-0"",
    "path": undefined,
    "received": ""2024-01-0"",
    "requirement": /\\^\\(\\?:\\[\\+-\\]\\?\\\\d\\{4\\}\\(\\?!\\\\d\\{2\\}\\\\b\\)\\)\\(\\?:\\(-\\?\\)\\(\\?:\\(\\?:0\\[1-9\\]\\|1\\[0-2\\]\\)\\(\\?:\\\\1\\(\\?:\\[12\\]\\\\d\\|0\\[1-9\\]\\|3\\[01\\]\\)\\)\\?\\|W\\(\\?:\\[0-4\\]\\\\d\\|5\\[0-2\\]\\)\\(\\?:-\\?\\[1-7\\]\\)\\?\\|\\(\\?:00\\[1-9\\]\\|0\\[1-9\\]\\\\d\\|\\[12\\]\\\\d\\{2\\}\\|3\\(\\?:\\[0-5\\]\\\\d\\|6\\[1-6\\]\\)\\)\\)\\(\\?:\\[T\\\\s\\]\\(\\?:\\(\\?:\\(\\?:\\[01\\]\\\\d\\|2\\[0-3\\]\\)\\(\\?:\\(:\\?\\)\\[0-5\\]\\\\d\\)\\?\\|24:\\?00\\)\\(\\?:\\[\\.,\\]\\\\d\\+\\(\\?!:\\)\\)\\?\\)\\?\\(\\?:\\\\2\\[0-5\\]\\\\d\\(\\?:\\[\\.,\\]\\\\d\\+\\)\\?\\)\\?\\(\\?:\\[zZ\\]\\|\\(\\?:\\[\\+-\\]\\)\\(\\?:\\[01\\]\\\\d\\|2\\[0-3\\]\\):\\?\\(\\?:\\[0-5\\]\\\\d\\)\\?\\)\\?\\)\\?\\)\\?\\$/,
    "type": "datetime",
  },
]
`;

exports[`datetime > should not validate invalid ISO 8601 format string - "2024-01-01 0" 1`] = `
[
  {
    "abortEarly": undefined,
    "abortPipeEarly": undefined,
    "expected": "ISO-8601 format",
    "input": "2024-01-01 0",
    "issues": undefined,
    "kind": "validation",
    "lang": undefined,
    "message": "Invalid input: Expected ISO-8601 format but received "2024-01-01 0"",
    "path": undefined,
    "received": ""2024-01-01 0"",
    "requirement": /\\^\\(\\?:\\[\\+-\\]\\?\\\\d\\{4\\}\\(\\?!\\\\d\\{2\\}\\\\b\\)\\)\\(\\?:\\(-\\?\\)\\(\\?:\\(\\?:0\\[1-9\\]\\|1\\[0-2\\]\\)\\(\\?:\\\\1\\(\\?:\\[12\\]\\\\d\\|0\\[1-9\\]\\|3\\[01\\]\\)\\)\\?\\|W\\(\\?:\\[0-4\\]\\\\d\\|5\\[0-2\\]\\)\\(\\?:-\\?\\[1-7\\]\\)\\?\\|\\(\\?:00\\[1-9\\]\\|0\\[1-9\\]\\\\d\\|\\[12\\]\\\\d\\{2\\}\\|3\\(\\?:\\[0-5\\]\\\\d\\|6\\[1-6\\]\\)\\)\\)\\(\\?:\\[T\\\\s\\]\\(\\?:\\(\\?:\\(\\?:\\[01\\]\\\\d\\|2\\[0-3\\]\\)\\(\\?:\\(:\\?\\)\\[0-5\\]\\\\d\\)\\?\\|24:\\?00\\)\\(\\?:\\[\\.,\\]\\\\d\\+\\(\\?!:\\)\\)\\?\\)\\?\\(\\?:\\\\2\\[0-5\\]\\\\d\\(\\?:\\[\\.,\\]\\\\d\\+\\)\\?\\)\\?\\(\\?:\\[zZ\\]\\|\\(\\?:\\[\\+-\\]\\)\\(\\?:\\[01\\]\\\\d\\|2\\[0-3\\]\\):\\?\\(\\?:\\[0-5\\]\\\\d\\)\\?\\)\\?\\)\\?\\)\\?\\$/,
    "type": "datetime",
  },
]
`;

exports[`datetime > should not validate invalid ISO 8601 format string - "2024-01-01 00:" 1`] = `
[
  {
    "abortEarly": undefined,
    "abortPipeEarly": undefined,
    "expected": "ISO-8601 format",
    "input": "2024-01-01 00:",
    "issues": undefined,
    "kind": "validation",
    "lang": undefined,
    "message": "Invalid input: Expected ISO-8601 format but received "2024-01-01 00:"",
    "path": undefined,
    "received": ""2024-01-01 00:"",
    "requirement": /\\^\\(\\?:\\[\\+-\\]\\?\\\\d\\{4\\}\\(\\?!\\\\d\\{2\\}\\\\b\\)\\)\\(\\?:\\(-\\?\\)\\(\\?:\\(\\?:0\\[1-9\\]\\|1\\[0-2\\]\\)\\(\\?:\\\\1\\(\\?:\\[12\\]\\\\d\\|0\\[1-9\\]\\|3\\[01\\]\\)\\)\\?\\|W\\(\\?:\\[0-4\\]\\\\d\\|5\\[0-2\\]\\)\\(\\?:-\\?\\[1-7\\]\\)\\?\\|\\(\\?:00\\[1-9\\]\\|0\\[1-9\\]\\\\d\\|\\[12\\]\\\\d\\{2\\}\\|3\\(\\?:\\[0-5\\]\\\\d\\|6\\[1-6\\]\\)\\)\\)\\(\\?:\\[T\\\\s\\]\\(\\?:\\(\\?:\\(\\?:\\[01\\]\\\\d\\|2\\[0-3\\]\\)\\(\\?:\\(:\\?\\)\\[0-5\\]\\\\d\\)\\?\\|24:\\?00\\)\\(\\?:\\[\\.,\\]\\\\d\\+\\(\\?!:\\)\\)\\?\\)\\?\\(\\?:\\\\2\\[0-5\\]\\\\d\\(\\?:\\[\\.,\\]\\\\d\\+\\)\\?\\)\\?\\(\\?:\\[zZ\\]\\|\\(\\?:\\[\\+-\\]\\)\\(\\?:\\[01\\]\\\\d\\|2\\[0-3\\]\\):\\?\\(\\?:\\[0-5\\]\\\\d\\)\\?\\)\\?\\)\\?\\)\\?\\$/,
    "type": "datetime",
  },
]
`;

exports[`datetime > should not validate invalid ISO 8601 format string - "2024-01-01 00:0" 1`] = `
[
  {
    "abortEarly": undefined,
    "abortPipeEarly": undefined,
    "expected": "ISO-8601 format",
    "input": "2024-01-01 00:0",
    "issues": undefined,
    "kind": "validation",
    "lang": undefined,
    "message": "Invalid input: Expected ISO-8601 format but received "2024-01-01 00:0"",
    "path": undefined,
    "received": ""2024-01-01 00:0"",
    "requirement": /\\^\\(\\?:\\[\\+-\\]\\?\\\\d\\{4\\}\\(\\?!\\\\d\\{2\\}\\\\b\\)\\)\\(\\?:\\(-\\?\\)\\(\\?:\\(\\?:0\\[1-9\\]\\|1\\[0-2\\]\\)\\(\\?:\\\\1\\(\\?:\\[12\\]\\\\d\\|0\\[1-9\\]\\|3\\[01\\]\\)\\)\\?\\|W\\(\\?:\\[0-4\\]\\\\d\\|5\\[0-2\\]\\)\\(\\?:-\\?\\[1-7\\]\\)\\?\\|\\(\\?:00\\[1-9\\]\\|0\\[1-9\\]\\\\d\\|\\[12\\]\\\\d\\{2\\}\\|3\\(\\?:\\[0-5\\]\\\\d\\|6\\[1-6\\]\\)\\)\\)\\(\\?:\\[T\\\\s\\]\\(\\?:\\(\\?:\\(\\?:\\[01\\]\\\\d\\|2\\[0-3\\]\\)\\(\\?:\\(:\\?\\)\\[0-5\\]\\\\d\\)\\?\\|24:\\?00\\)\\(\\?:\\[\\.,\\]\\\\d\\+\\(\\?!:\\)\\)\\?\\)\\?\\(\\?:\\\\2\\[0-5\\]\\\\d\\(\\?:\\[\\.,\\]\\\\d\\+\\)\\?\\)\\?\\(\\?:\\[zZ\\]\\|\\(\\?:\\[\\+-\\]\\)\\(\\?:\\[01\\]\\\\d\\|2\\[0-3\\]\\):\\?\\(\\?:\\[0-5\\]\\\\d\\)\\?\\)\\?\\)\\?\\)\\?\\$/,
    "type": "datetime",
  },
]
`;

exports[`datetime > should not validate invalid ISO 8601 format string - "2024-01-01 00:00:" 1`] = `
[
  {
    "abortEarly": undefined,
    "abortPipeEarly": undefined,
    "expected": "ISO-8601 format",
    "input": "2024-01-01 00:00:",
    "issues": undefined,
    "kind": "validation",
    "lang": undefined,
    "message": "Invalid input: Expected ISO-8601 format but received "2024-01-01 00:00:"",
    "path": undefined,
    "received": ""2024-01-01 00:00:"",
    "requirement": /\\^\\(\\?:\\[\\+-\\]\\?\\\\d\\{4\\}\\(\\?!\\\\d\\{2\\}\\\\b\\)\\)\\(\\?:\\(-\\?\\)\\(\\?:\\(\\?:0\\[1-9\\]\\|1\\[0-2\\]\\)\\(\\?:\\\\1\\(\\?:\\[12\\]\\\\d\\|0\\[1-9\\]\\|3\\[01\\]\\)\\)\\?\\|W\\(\\?:\\[0-4\\]\\\\d\\|5\\[0-2\\]\\)\\(\\?:-\\?\\[1-7\\]\\)\\?\\|\\(\\?:00\\[1-9\\]\\|0\\[1-9\\]\\\\d\\|\\[12\\]\\\\d\\{2\\}\\|3\\(\\?:\\[0-5\\]\\\\d\\|6\\[1-6\\]\\)\\)\\)\\(\\?:\\[T\\\\s\\]\\(\\?:\\(\\?:\\(\\?:\\[01\\]\\\\d\\|2\\[0-3\\]\\)\\(\\?:\\(:\\?\\)\\[0-5\\]\\\\d\\)\\?\\|24:\\?00\\)\\(\\?:\\[\\.,\\]\\\\d\\+\\(\\?!:\\)\\)\\?\\)\\?\\(\\?:\\\\2\\[0-5\\]\\\\d\\(\\?:\\[\\.,\\]\\\\d\\+\\)\\?\\)\\?\\(\\?:\\[zZ\\]\\|\\(\\?:\\[\\+-\\]\\)\\(\\?:\\[01\\]\\\\d\\|2\\[0-3\\]\\):\\?\\(\\?:\\[0-5\\]\\\\d\\)\\?\\)\\?\\)\\?\\)\\?\\$/,
    "type": "datetime",
  },
]
`;

exports[`datetime > should not validate invalid ISO 8601 format string - "2024-01-01 00:00:0" 1`] = `
[
  {
    "abortEarly": undefined,
    "abortPipeEarly": undefined,
    "expected": "ISO-8601 format",
    "input": "2024-01-01 00:00:0",
    "issues": undefined,
    "kind": "validation",
    "lang": undefined,
    "message": "Invalid input: Expected ISO-8601 format but received "2024-01-01 00:00:0"",
    "path": undefined,
    "received": ""2024-01-01 00:00:0"",
    "requirement": /\\^\\(\\?:\\[\\+-\\]\\?\\\\d\\{4\\}\\(\\?!\\\\d\\{2\\}\\\\b\\)\\)\\(\\?:\\(-\\?\\)\\(\\?:\\(\\?:0\\[1-9\\]\\|1\\[0-2\\]\\)\\(\\?:\\\\1\\(\\?:\\[12\\]\\\\d\\|0\\[1-9\\]\\|3\\[01\\]\\)\\)\\?\\|W\\(\\?:\\[0-4\\]\\\\d\\|5\\[0-2\\]\\)\\(\\?:-\\?\\[1-7\\]\\)\\?\\|\\(\\?:00\\[1-9\\]\\|0\\[1-9\\]\\\\d\\|\\[12\\]\\\\d\\{2\\}\\|3\\(\\?:\\[0-5\\]\\\\d\\|6\\[1-6\\]\\)\\)\\)\\(\\?:\\[T\\\\s\\]\\(\\?:\\(\\?:\\(\\?:\\[01\\]\\\\d\\|2\\[0-3\\]\\)\\(\\?:\\(:\\?\\)\\[0-5\\]\\\\d\\)\\?\\|24:\\?00\\)\\(\\?:\\[\\.,\\]\\\\d\\+\\(\\?!:\\)\\)\\?\\)\\?\\(\\?:\\\\2\\[0-5\\]\\\\d\\(\\?:\\[\\.,\\]\\\\d\\+\\)\\?\\)\\?\\(\\?:\\[zZ\\]\\|\\(\\?:\\[\\+-\\]\\)\\(\\?:\\[01\\]\\\\d\\|2\\[0-3\\]\\):\\?\\(\\?:\\[0-5\\]\\\\d\\)\\?\\)\\?\\)\\?\\)\\?\\$/,
    "type": "datetime",
  },
]
`;

exports[`datetime > should not validate invalid ISO 8601 format string - "2024-01-01 00:00:0Z0" 1`] = `
[
  {
    "abortEarly": undefined,
    "abortPipeEarly": undefined,
    "expected": "ISO-8601 format",
    "input": "2024-01-01 00:00:0Z0",
    "issues": undefined,
    "kind": "validation",
    "lang": undefined,
    "message": "Invalid input: Expected ISO-8601 format but received "2024-01-01 00:00:0Z0"",
    "path": undefined,
    "received": ""2024-01-01 00:00:0Z0"",
    "requirement": /\\^\\(\\?:\\[\\+-\\]\\?\\\\d\\{4\\}\\(\\?!\\\\d\\{2\\}\\\\b\\)\\)\\(\\?:\\(-\\?\\)\\(\\?:\\(\\?:0\\[1-9\\]\\|1\\[0-2\\]\\)\\(\\?:\\\\1\\(\\?:\\[12\\]\\\\d\\|0\\[1-9\\]\\|3\\[01\\]\\)\\)\\?\\|W\\(\\?:\\[0-4\\]\\\\d\\|5\\[0-2\\]\\)\\(\\?:-\\?\\[1-7\\]\\)\\?\\|\\(\\?:00\\[1-9\\]\\|0\\[1-9\\]\\\\d\\|\\[12\\]\\\\d\\{2\\}\\|3\\(\\?:\\[0-5\\]\\\\d\\|6\\[1-6\\]\\)\\)\\)\\(\\?:\\[T\\\\s\\]\\(\\?:\\(\\?:\\(\\?:\\[01\\]\\\\d\\|2\\[0-3\\]\\)\\(\\?:\\(:\\?\\)\\[0-5\\]\\\\d\\)\\?\\|24:\\?00\\)\\(\\?:\\[\\.,\\]\\\\d\\+\\(\\?!:\\)\\)\\?\\)\\?\\(\\?:\\\\2\\[0-5\\]\\\\d\\(\\?:\\[\\.,\\]\\\\d\\+\\)\\?\\)\\?\\(\\?:\\[zZ\\]\\|\\(\\?:\\[\\+-\\]\\)\\(\\?:\\[01\\]\\\\d\\|2\\[0-3\\]\\):\\?\\(\\?:\\[0-5\\]\\\\d\\)\\?\\)\\?\\)\\?\\)\\?\\$/,
    "type": "datetime",
  },
]
`;

exports[`datetime > should not validate invalid ISO 8601 format string - "2024-01-01 00:00:0Z00" 1`] = `
[
  {
    "abortEarly": undefined,
    "abortPipeEarly": undefined,
    "expected": "ISO-8601 format",
    "input": "2024-01-01 00:00:0Z00",
    "issues": undefined,
    "kind": "validation",
    "lang": undefined,
    "message": "Invalid input: Expected ISO-8601 format but received "2024-01-01 00:00:0Z00"",
    "path": undefined,
    "received": ""2024-01-01 00:00:0Z00"",
    "requirement": /\\^\\(\\?:\\[\\+-\\]\\?\\\\d\\{4\\}\\(\\?!\\\\d\\{2\\}\\\\b\\)\\)\\(\\?:\\(-\\?\\)\\(\\?:\\(\\?:0\\[1-9\\]\\|1\\[0-2\\]\\)\\(\\?:\\\\1\\(\\?:\\[12\\]\\\\d\\|0\\[1-9\\]\\|3\\[01\\]\\)\\)\\?\\|W\\(\\?:\\[0-4\\]\\\\d\\|5\\[0-2\\]\\)\\(\\?:-\\?\\[1-7\\]\\)\\?\\|\\(\\?:00\\[1-9\\]\\|0\\[1-9\\]\\\\d\\|\\[12\\]\\\\d\\{2\\}\\|3\\(\\?:\\[0-5\\]\\\\d\\|6\\[1-6\\]\\)\\)\\)\\(\\?:\\[T\\\\s\\]\\(\\?:\\(\\?:\\(\\?:\\[01\\]\\\\d\\|2\\[0-3\\]\\)\\(\\?:\\(:\\?\\)\\[0-5\\]\\\\d\\)\\?\\|24:\\?00\\)\\(\\?:\\[\\.,\\]\\\\d\\+\\(\\?!:\\)\\)\\?\\)\\?\\(\\?:\\\\2\\[0-5\\]\\\\d\\(\\?:\\[\\.,\\]\\\\d\\+\\)\\?\\)\\?\\(\\?:\\[zZ\\]\\|\\(\\?:\\[\\+-\\]\\)\\(\\?:\\[01\\]\\\\d\\|2\\[0-3\\]\\):\\?\\(\\?:\\[0-5\\]\\\\d\\)\\?\\)\\?\\)\\?\\)\\?\\$/,
    "type": "datetime",
  },
]
`;

exports[`datetime > should not validate invalid ISO 8601 format string - "2024-01-01T0" 1`] = `
[
  {
    "abortEarly": undefined,
    "abortPipeEarly": undefined,
    "expected": "ISO-8601 format",
    "input": "2024-01-01T0",
    "issues": undefined,
    "kind": "validation",
    "lang": undefined,
    "message": "Invalid input: Expected ISO-8601 format but received "2024-01-01T0"",
    "path": undefined,
    "received": ""2024-01-01T0"",
    "requirement": /\\^\\(\\?:\\[\\+-\\]\\?\\\\d\\{4\\}\\(\\?!\\\\d\\{2\\}\\\\b\\)\\)\\(\\?:\\(-\\?\\)\\(\\?:\\(\\?:0\\[1-9\\]\\|1\\[0-2\\]\\)\\(\\?:\\\\1\\(\\?:\\[12\\]\\\\d\\|0\\[1-9\\]\\|3\\[01\\]\\)\\)\\?\\|W\\(\\?:\\[0-4\\]\\\\d\\|5\\[0-2\\]\\)\\(\\?:-\\?\\[1-7\\]\\)\\?\\|\\(\\?:00\\[1-9\\]\\|0\\[1-9\\]\\\\d\\|\\[12\\]\\\\d\\{2\\}\\|3\\(\\?:\\[0-5\\]\\\\d\\|6\\[1-6\\]\\)\\)\\)\\(\\?:\\[T\\\\s\\]\\(\\?:\\(\\?:\\(\\?:\\[01\\]\\\\d\\|2\\[0-3\\]\\)\\(\\?:\\(:\\?\\)\\[0-5\\]\\\\d\\)\\?\\|24:\\?00\\)\\(\\?:\\[\\.,\\]\\\\d\\+\\(\\?!:\\)\\)\\?\\)\\?\\(\\?:\\\\2\\[0-5\\]\\\\d\\(\\?:\\[\\.,\\]\\\\d\\+\\)\\?\\)\\?\\(\\?:\\[zZ\\]\\|\\(\\?:\\[\\+-\\]\\)\\(\\?:\\[01\\]\\\\d\\|2\\[0-3\\]\\):\\?\\(\\?:\\[0-5\\]\\\\d\\)\\?\\)\\?\\)\\?\\)\\?\\$/,
    "type": "datetime",
  },
]
`;

exports[`datetime > should not validate invalid ISO 8601 format string - "2024-01-01T00:" 1`] = `
[
  {
    "abortEarly": undefined,
    "abortPipeEarly": undefined,
    "expected": "ISO-8601 format",
    "input": "2024-01-01T00:",
    "issues": undefined,
    "kind": "validation",
    "lang": undefined,
    "message": "Invalid input: Expected ISO-8601 format but received "2024-01-01T00:"",
    "path": undefined,
    "received": ""2024-01-01T00:"",
    "requirement": /\\^\\(\\?:\\[\\+-\\]\\?\\\\d\\{4\\}\\(\\?!\\\\d\\{2\\}\\\\b\\)\\)\\(\\?:\\(-\\?\\)\\(\\?:\\(\\?:0\\[1-9\\]\\|1\\[0-2\\]\\)\\(\\?:\\\\1\\(\\?:\\[12\\]\\\\d\\|0\\[1-9\\]\\|3\\[01\\]\\)\\)\\?\\|W\\(\\?:\\[0-4\\]\\\\d\\|5\\[0-2\\]\\)\\(\\?:-\\?\\[1-7\\]\\)\\?\\|\\(\\?:00\\[1-9\\]\\|0\\[1-9\\]\\\\d\\|\\[12\\]\\\\d\\{2\\}\\|3\\(\\?:\\[0-5\\]\\\\d\\|6\\[1-6\\]\\)\\)\\)\\(\\?:\\[T\\\\s\\]\\(\\?:\\(\\?:\\(\\?:\\[01\\]\\\\d\\|2\\[0-3\\]\\)\\(\\?:\\(:\\?\\)\\[0-5\\]\\\\d\\)\\?\\|24:\\?00\\)\\(\\?:\\[\\.,\\]\\\\d\\+\\(\\?!:\\)\\)\\?\\)\\?\\(\\?:\\\\2\\[0-5\\]\\\\d\\(\\?:\\[\\.,\\]\\\\d\\+\\)\\?\\)\\?\\(\\?:\\[zZ\\]\\|\\(\\?:\\[\\+-\\]\\)\\(\\?:\\[01\\]\\\\d\\|2\\[0-3\\]\\):\\?\\(\\?:\\[0-5\\]\\\\d\\)\\?\\)\\?\\)\\?\\)\\?\\$/,
    "type": "datetime",
  },
]
`;

exports[`datetime > should not validate invalid ISO 8601 format string - "2024-01-01T00:0" 1`] = `
[
  {
    "abortEarly": undefined,
    "abortPipeEarly": undefined,
    "expected": "ISO-8601 format",
    "input": "2024-01-01T00:0",
    "issues": undefined,
    "kind": "validation",
    "lang": undefined,
    "message": "Invalid input: Expected ISO-8601 format but received "2024-01-01T00:0"",
    "path": undefined,
    "received": ""2024-01-01T00:0"",
    "requirement": /\\^\\(\\?:\\[\\+-\\]\\?\\\\d\\{4\\}\\(\\?!\\\\d\\{2\\}\\\\b\\)\\)\\(\\?:\\(-\\?\\)\\(\\?:\\(\\?:0\\[1-9\\]\\|1\\[0-2\\]\\)\\(\\?:\\\\1\\(\\?:\\[12\\]\\\\d\\|0\\[1-9\\]\\|3\\[01\\]\\)\\)\\?\\|W\\(\\?:\\[0-4\\]\\\\d\\|5\\[0-2\\]\\)\\(\\?:-\\?\\[1-7\\]\\)\\?\\|\\(\\?:00\\[1-9\\]\\|0\\[1-9\\]\\\\d\\|\\[12\\]\\\\d\\{2\\}\\|3\\(\\?:\\[0-5\\]\\\\d\\|6\\[1-6\\]\\)\\)\\)\\(\\?:\\[T\\\\s\\]\\(\\?:\\(\\?:\\(\\?:\\[01\\]\\\\d\\|2\\[0-3\\]\\)\\(\\?:\\(:\\?\\)\\[0-5\\]\\\\d\\)\\?\\|24:\\?00\\)\\(\\?:\\[\\.,\\]\\\\d\\+\\(\\?!:\\)\\)\\?\\)\\?\\(\\?:\\\\2\\[0-5\\]\\\\d\\(\\?:\\[\\.,\\]\\\\d\\+\\)\\?\\)\\?\\(\\?:\\[zZ\\]\\|\\(\\?:\\[\\+-\\]\\)\\(\\?:\\[01\\]\\\\d\\|2\\[0-3\\]\\):\\?\\(\\?:\\[0-5\\]\\\\d\\)\\?\\)\\?\\)\\?\\)\\?\\$/,
    "type": "datetime",
  },
]
`;

exports[`datetime > should not validate invalid ISO 8601 format string - "2024-01-01T00:00:" 1`] = `
[
  {
    "abortEarly": undefined,
    "abortPipeEarly": undefined,
    "expected": "ISO-8601 format",
    "input": "2024-01-01T00:00:",
    "issues": undefined,
    "kind": "validation",
    "lang": undefined,
    "message": "Invalid input: Expected ISO-8601 format but received "2024-01-01T00:00:"",
    "path": undefined,
    "received": ""2024-01-01T00:00:"",
    "requirement": /\\^\\(\\?:\\[\\+-\\]\\?\\\\d\\{4\\}\\(\\?!\\\\d\\{2\\}\\\\b\\)\\)\\(\\?:\\(-\\?\\)\\(\\?:\\(\\?:0\\[1-9\\]\\|1\\[0-2\\]\\)\\(\\?:\\\\1\\(\\?:\\[12\\]\\\\d\\|0\\[1-9\\]\\|3\\[01\\]\\)\\)\\?\\|W\\(\\?:\\[0-4\\]\\\\d\\|5\\[0-2\\]\\)\\(\\?:-\\?\\[1-7\\]\\)\\?\\|\\(\\?:00\\[1-9\\]\\|0\\[1-9\\]\\\\d\\|\\[12\\]\\\\d\\{2\\}\\|3\\(\\?:\\[0-5\\]\\\\d\\|6\\[1-6\\]\\)\\)\\)\\(\\?:\\[T\\\\s\\]\\(\\?:\\(\\?:\\(\\?:\\[01\\]\\\\d\\|2\\[0-3\\]\\)\\(\\?:\\(:\\?\\)\\[0-5\\]\\\\d\\)\\?\\|24:\\?00\\)\\(\\?:\\[\\.,\\]\\\\d\\+\\(\\?!:\\)\\)\\?\\)\\?\\(\\?:\\\\2\\[0-5\\]\\\\d\\(\\?:\\[\\.,\\]\\\\d\\+\\)\\?\\)\\?\\(\\?:\\[zZ\\]\\|\\(\\?:\\[\\+-\\]\\)\\(\\?:\\[01\\]\\\\d\\|2\\[0-3\\]\\):\\?\\(\\?:\\[0-5\\]\\\\d\\)\\?\\)\\?\\)\\?\\)\\?\\$/,
    "type": "datetime",
  },
]
`;

exports[`datetime > should not validate invalid ISO 8601 format string - "2024-01-01T00:00:0" 1`] = `
[
  {
    "abortEarly": undefined,
    "abortPipeEarly": undefined,
    "expected": "ISO-8601 format",
    "input": "2024-01-01T00:00:0",
    "issues": undefined,
    "kind": "validation",
    "lang": undefined,
    "message": "Invalid input: Expected ISO-8601 format but received "2024-01-01T00:00:0"",
    "path": undefined,
    "received": ""2024-01-01T00:00:0"",
    "requirement": /\\^\\(\\?:\\[\\+-\\]\\?\\\\d\\{4\\}\\(\\?!\\\\d\\{2\\}\\\\b\\)\\)\\(\\?:\\(-\\?\\)\\(\\?:\\(\\?:0\\[1-9\\]\\|1\\[0-2\\]\\)\\(\\?:\\\\1\\(\\?:\\[12\\]\\\\d\\|0\\[1-9\\]\\|3\\[01\\]\\)\\)\\?\\|W\\(\\?:\\[0-4\\]\\\\d\\|5\\[0-2\\]\\)\\(\\?:-\\?\\[1-7\\]\\)\\?\\|\\(\\?:00\\[1-9\\]\\|0\\[1-9\\]\\\\d\\|\\[12\\]\\\\d\\{2\\}\\|3\\(\\?:\\[0-5\\]\\\\d\\|6\\[1-6\\]\\)\\)\\)\\(\\?:\\[T\\\\s\\]\\(\\?:\\(\\?:\\(\\?:\\[01\\]\\\\d\\|2\\[0-3\\]\\)\\(\\?:\\(:\\?\\)\\[0-5\\]\\\\d\\)\\?\\|24:\\?00\\)\\(\\?:\\[\\.,\\]\\\\d\\+\\(\\?!:\\)\\)\\?\\)\\?\\(\\?:\\\\2\\[0-5\\]\\\\d\\(\\?:\\[\\.,\\]\\\\d\\+\\)\\?\\)\\?\\(\\?:\\[zZ\\]\\|\\(\\?:\\[\\+-\\]\\)\\(\\?:\\[01\\]\\\\d\\|2\\[0-3\\]\\):\\?\\(\\?:\\[0-5\\]\\\\d\\)\\?\\)\\?\\)\\?\\)\\?\\$/,
    "type": "datetime",
  },
]
`;

exports[`datetime > should not validate invalid ISO 8601 format string - "2024-01-01T00:00:0Z0" 1`] = `
[
  {
    "abortEarly": undefined,
    "abortPipeEarly": undefined,
    "expected": "ISO-8601 format",
    "input": "2024-01-01T00:00:0Z0",
    "issues": undefined,
    "kind": "validation",
    "lang": undefined,
    "message": "Invalid input: Expected ISO-8601 format but received "2024-01-01T00:00:0Z0"",
    "path": undefined,
    "received": ""2024-01-01T00:00:0Z0"",
    "requirement": /\\^\\(\\?:\\[\\+-\\]\\?\\\\d\\{4\\}\\(\\?!\\\\d\\{2\\}\\\\b\\)\\)\\(\\?:\\(-\\?\\)\\(\\?:\\(\\?:0\\[1-9\\]\\|1\\[0-2\\]\\)\\(\\?:\\\\1\\(\\?:\\[12\\]\\\\d\\|0\\[1-9\\]\\|3\\[01\\]\\)\\)\\?\\|W\\(\\?:\\[0-4\\]\\\\d\\|5\\[0-2\\]\\)\\(\\?:-\\?\\[1-7\\]\\)\\?\\|\\(\\?:00\\[1-9\\]\\|0\\[1-9\\]\\\\d\\|\\[12\\]\\\\d\\{2\\}\\|3\\(\\?:\\[0-5\\]\\\\d\\|6\\[1-6\\]\\)\\)\\)\\(\\?:\\[T\\\\s\\]\\(\\?:\\(\\?:\\(\\?:\\[01\\]\\\\d\\|2\\[0-3\\]\\)\\(\\?:\\(:\\?\\)\\[0-5\\]\\\\d\\)\\?\\|24:\\?00\\)\\(\\?:\\[\\.,\\]\\\\d\\+\\(\\?!:\\)\\)\\?\\)\\?\\(\\?:\\\\2\\[0-5\\]\\\\d\\(\\?:\\[\\.,\\]\\\\d\\+\\)\\?\\)\\?\\(\\?:\\[zZ\\]\\|\\(\\?:\\[\\+-\\]\\)\\(\\?:\\[01\\]\\\\d\\|2\\[0-3\\]\\):\\?\\(\\?:\\[0-5\\]\\\\d\\)\\?\\)\\?\\)\\?\\)\\?\\$/,
    "type": "datetime",
  },
]
`;

exports[`datetime > should not validate invalid ISO 8601 format string - "2024-01-01T00:00:0Z00" 1`] = `
[
  {
    "abortEarly": undefined,
    "abortPipeEarly": undefined,
    "expected": "ISO-8601 format",
    "input": "2024-01-01T00:00:0Z00",
    "issues": undefined,
    "kind": "validation",
    "lang": undefined,
    "message": "Invalid input: Expected ISO-8601 format but received "2024-01-01T00:00:0Z00"",
    "path": undefined,
    "received": ""2024-01-01T00:00:0Z00"",
    "requirement": /\\^\\(\\?:\\[\\+-\\]\\?\\\\d\\{4\\}\\(\\?!\\\\d\\{2\\}\\\\b\\)\\)\\(\\?:\\(-\\?\\)\\(\\?:\\(\\?:0\\[1-9\\]\\|1\\[0-2\\]\\)\\(\\?:\\\\1\\(\\?:\\[12\\]\\\\d\\|0\\[1-9\\]\\|3\\[01\\]\\)\\)\\?\\|W\\(\\?:\\[0-4\\]\\\\d\\|5\\[0-2\\]\\)\\(\\?:-\\?\\[1-7\\]\\)\\?\\|\\(\\?:00\\[1-9\\]\\|0\\[1-9\\]\\\\d\\|\\[12\\]\\\\d\\{2\\}\\|3\\(\\?:\\[0-5\\]\\\\d\\|6\\[1-6\\]\\)\\)\\)\\(\\?:\\[T\\\\s\\]\\(\\?:\\(\\?:\\(\\?:\\[01\\]\\\\d\\|2\\[0-3\\]\\)\\(\\?:\\(:\\?\\)\\[0-5\\]\\\\d\\)\\?\\|24:\\?00\\)\\(\\?:\\[\\.,\\]\\\\d\\+\\(\\?!:\\)\\)\\?\\)\\?\\(\\?:\\\\2\\[0-5\\]\\\\d\\(\\?:\\[\\.,\\]\\\\d\\+\\)\\?\\)\\?\\(\\?:\\[zZ\\]\\|\\(\\?:\\[\\+-\\]\\)\\(\\?:\\[01\\]\\\\d\\|2\\[0-3\\]\\):\\?\\(\\?:\\[0-5\\]\\\\d\\)\\?\\)\\?\\)\\?\\)\\?\\$/,
    "type": "datetime",
  },
]
`;

exports[`datetime > should not validate invalid ISO 8601 format string - "2024-01-a" 1`] = `
[
  {
    "abortEarly": undefined,
    "abortPipeEarly": undefined,
    "expected": "ISO-8601 format",
    "input": "2024-01-a",
    "issues": undefined,
    "kind": "validation",
    "lang": undefined,
    "message": "Invalid input: Expected ISO-8601 format but received "2024-01-a"",
    "path": undefined,
    "received": ""2024-01-a"",
    "requirement": /\\^\\(\\?:\\[\\+-\\]\\?\\\\d\\{4\\}\\(\\?!\\\\d\\{2\\}\\\\b\\)\\)\\(\\?:\\(-\\?\\)\\(\\?:\\(\\?:0\\[1-9\\]\\|1\\[0-2\\]\\)\\(\\?:\\\\1\\(\\?:\\[12\\]\\\\d\\|0\\[1-9\\]\\|3\\[01\\]\\)\\)\\?\\|W\\(\\?:\\[0-4\\]\\\\d\\|5\\[0-2\\]\\)\\(\\?:-\\?\\[1-7\\]\\)\\?\\|\\(\\?:00\\[1-9\\]\\|0\\[1-9\\]\\\\d\\|\\[12\\]\\\\d\\{2\\}\\|3\\(\\?:\\[0-5\\]\\\\d\\|6\\[1-6\\]\\)\\)\\)\\(\\?:\\[T\\\\s\\]\\(\\?:\\(\\?:\\(\\?:\\[01\\]\\\\d\\|2\\[0-3\\]\\)\\(\\?:\\(:\\?\\)\\[0-5\\]\\\\d\\)\\?\\|24:\\?00\\)\\(\\?:\\[\\.,\\]\\\\d\\+\\(\\?!:\\)\\)\\?\\)\\?\\(\\?:\\\\2\\[0-5\\]\\\\d\\(\\?:\\[\\.,\\]\\\\d\\+\\)\\?\\)\\?\\(\\?:\\[zZ\\]\\|\\(\\?:\\[\\+-\\]\\)\\(\\?:\\[01\\]\\\\d\\|2\\[0-3\\]\\):\\?\\(\\?:\\[0-5\\]\\\\d\\)\\?\\)\\?\\)\\?\\)\\?\\$/,
    "type": "datetime",
  },
]
`;

exports[`datetime > should not validate invalid ISO 8601 format string - "2024-0a" 1`] = `
[
  {
    "abortEarly": undefined,
    "abortPipeEarly": undefined,
    "expected": "ISO-8601 format",
    "input": "2024-0a",
    "issues": undefined,
    "kind": "validation",
    "lang": undefined,
    "message": "Invalid input: Expected ISO-8601 format but received "2024-0a"",
    "path": undefined,
    "received": ""2024-0a"",
    "requirement": /\\^\\(\\?:\\[\\+-\\]\\?\\\\d\\{4\\}\\(\\?!\\\\d\\{2\\}\\\\b\\)\\)\\(\\?:\\(-\\?\\)\\(\\?:\\(\\?:0\\[1-9\\]\\|1\\[0-2\\]\\)\\(\\?:\\\\1\\(\\?:\\[12\\]\\\\d\\|0\\[1-9\\]\\|3\\[01\\]\\)\\)\\?\\|W\\(\\?:\\[0-4\\]\\\\d\\|5\\[0-2\\]\\)\\(\\?:-\\?\\[1-7\\]\\)\\?\\|\\(\\?:00\\[1-9\\]\\|0\\[1-9\\]\\\\d\\|\\[12\\]\\\\d\\{2\\}\\|3\\(\\?:\\[0-5\\]\\\\d\\|6\\[1-6\\]\\)\\)\\)\\(\\?:\\[T\\\\s\\]\\(\\?:\\(\\?:\\(\\?:\\[01\\]\\\\d\\|2\\[0-3\\]\\)\\(\\?:\\(:\\?\\)\\[0-5\\]\\\\d\\)\\?\\|24:\\?00\\)\\(\\?:\\[\\.,\\]\\\\d\\+\\(\\?!:\\)\\)\\?\\)\\?\\(\\?:\\\\2\\[0-5\\]\\\\d\\(\\?:\\[\\.,\\]\\\\d\\+\\)\\?\\)\\?\\(\\?:\\[zZ\\]\\|\\(\\?:\\[\\+-\\]\\)\\(\\?:\\[01\\]\\\\d\\|2\\[0-3\\]\\):\\?\\(\\?:\\[0-5\\]\\\\d\\)\\?\\)\\?\\)\\?\\)\\?\\$/,
    "type": "datetime",
  },
]
`;

exports[`datetime > should not validate invalid ISO 8601 format string - "2024-1" 1`] = `
[
  {
    "abortEarly": undefined,
    "abortPipeEarly": undefined,
    "expected": "ISO-8601 format",
    "input": "2024-1",
    "issues": undefined,
    "kind": "validation",
    "lang": undefined,
    "message": "Invalid input: Expected ISO-8601 format but received "2024-1"",
    "path": undefined,
    "received": ""2024-1"",
    "requirement": /\\^\\(\\?:\\[\\+-\\]\\?\\\\d\\{4\\}\\(\\?!\\\\d\\{2\\}\\\\b\\)\\)\\(\\?:\\(-\\?\\)\\(\\?:\\(\\?:0\\[1-9\\]\\|1\\[0-2\\]\\)\\(\\?:\\\\1\\(\\?:\\[12\\]\\\\d\\|0\\[1-9\\]\\|3\\[01\\]\\)\\)\\?\\|W\\(\\?:\\[0-4\\]\\\\d\\|5\\[0-2\\]\\)\\(\\?:-\\?\\[1-7\\]\\)\\?\\|\\(\\?:00\\[1-9\\]\\|0\\[1-9\\]\\\\d\\|\\[12\\]\\\\d\\{2\\}\\|3\\(\\?:\\[0-5\\]\\\\d\\|6\\[1-6\\]\\)\\)\\)\\(\\?:\\[T\\\\s\\]\\(\\?:\\(\\?:\\(\\?:\\[01\\]\\\\d\\|2\\[0-3\\]\\)\\(\\?:\\(:\\?\\)\\[0-5\\]\\\\d\\)\\?\\|24:\\?00\\)\\(\\?:\\[\\.,\\]\\\\d\\+\\(\\?!:\\)\\)\\?\\)\\?\\(\\?:\\\\2\\[0-5\\]\\\\d\\(\\?:\\[\\.,\\]\\\\d\\+\\)\\?\\)\\?\\(\\?:\\[zZ\\]\\|\\(\\?:\\[\\+-\\]\\)\\(\\?:\\[01\\]\\\\d\\|2\\[0-3\\]\\):\\?\\(\\?:\\[0-5\\]\\\\d\\)\\?\\)\\?\\)\\?\\)\\?\\$/,
    "type": "datetime",
  },
]
`;

exports[`datetime > should not validate non-datetime string 1`] = `
[
  {
    "abortEarly": undefined,
    "abortPipeEarly": undefined,
    "expected": "ISO-8601 format",
    "input": "hello",
    "issues": undefined,
    "kind": "validation",
    "lang": undefined,
    "message": "Invalid input: Expected ISO-8601 format but received "hello"",
    "path": undefined,
    "received": ""hello"",
    "requirement": /\\^\\(\\?:\\[\\+-\\]\\?\\\\d\\{4\\}\\(\\?!\\\\d\\{2\\}\\\\b\\)\\)\\(\\?:\\(-\\?\\)\\(\\?:\\(\\?:0\\[1-9\\]\\|1\\[0-2\\]\\)\\(\\?:\\\\1\\(\\?:\\[12\\]\\\\d\\|0\\[1-9\\]\\|3\\[01\\]\\)\\)\\?\\|W\\(\\?:\\[0-4\\]\\\\d\\|5\\[0-2\\]\\)\\(\\?:-\\?\\[1-7\\]\\)\\?\\|\\(\\?:00\\[1-9\\]\\|0\\[1-9\\]\\\\d\\|\\[12\\]\\\\d\\{2\\}\\|3\\(\\?:\\[0-5\\]\\\\d\\|6\\[1-6\\]\\)\\)\\)\\(\\?:\\[T\\\\s\\]\\(\\?:\\(\\?:\\(\\?:\\[01\\]\\\\d\\|2\\[0-3\\]\\)\\(\\?:\\(:\\?\\)\\[0-5\\]\\\\d\\)\\?\\|24:\\?00\\)\\(\\?:\\[\\.,\\]\\\\d\\+\\(\\?!:\\)\\)\\?\\)\\?\\(\\?:\\\\2\\[0-5\\]\\\\d\\(\\?:\\[\\.,\\]\\\\d\\+\\)\\?\\)\\?\\(\\?:\\[zZ\\]\\|\\(\\?:\\[\\+-\\]\\)\\(\\?:\\[01\\]\\\\d\\|2\\[0-3\\]\\):\\?\\(\\?:\\[0-5\\]\\\\d\\)\\?\\)\\?\\)\\?\\)\\?\\$/,
    "type": "datetime",
  },
]
`;
